Performing C++ SOURCE FILE Test COMPILER_SUPPORT_Wshorten64to32 failed with the following output:
Change Dir: /home/jinwz/FoundationPoseROS2/FoundationPoseROS2/FoundationPose/eigen-3.4.0/build/CMakeFiles/CMakeTmp

Run Build Command(s):/usr/bin/gmake -f Makefile cmTC_173ed/fast && /usr/bin/gmake  -f CMakeFiles/cmTC_173ed.dir/build.make CMakeFiles/cmTC_173ed.dir/build
gmake[1]: Entering directory '/home/jinwz/FoundationPoseROS2/FoundationPoseROS2/FoundationPose/eigen-3.4.0/build/CMakeFiles/CMakeTmp'
Building CXX object CMakeFiles/cmTC_173ed.dir/src.cxx.o
/usr/bin/c++ -DCOMPILER_SUPPORT_Wshorten64to32  -std=c++03 -pedantic -Wall -Wextra -Wundef -Wcast-align -Wchar-subscripts -Wnon-virtual-dtor -Wunused-local-typedefs -Wpointer-arith -Wwrite-strings -Wformat-security -Werror   -Wshorten-64-to-32 -o CMakeFiles/cmTC_173ed.dir/src.cxx.o -c /home/jinwz/FoundationPoseROS2/FoundationPoseROS2/FoundationPose/eigen-3.4.0/build/CMakeFiles/CMakeTmp/src.cxx
c++: error: unrecognized command-line option '-Wshorten-64-to-32'
gmake[1]: *** [CMakeFiles/cmTC_173ed.dir/build.make:78: CMakeFiles/cmTC_173ed.dir/src.cxx.o] Error 1
gmake[1]: Leaving directory '/home/jinwz/FoundationPoseROS2/FoundationPoseROS2/FoundationPose/eigen-3.4.0/build/CMakeFiles/CMakeTmp'
gmake: *** [Makefile:127: cmTC_173ed/fast] Error 2


Source file was:
int main() { return 0; }
Performing C++ SOURCE FILE Test COMPILER_SUPPORT_Wcpp11extensions failed with the following output:
Change Dir: /home/jinwz/FoundationPoseROS2/FoundationPoseROS2/FoundationPose/eigen-3.4.0/build/CMakeFiles/CMakeTmp

Run Build Command(s):/usr/bin/gmake -f Makefile cmTC_0006d/fast && /usr/bin/gmake  -f CMakeFiles/cmTC_0006d.dir/build.make CMakeFiles/cmTC_0006d.dir/build
gmake[1]: Entering directory '/home/jinwz/FoundationPoseROS2/FoundationPoseROS2/FoundationPose/eigen-3.4.0/build/CMakeFiles/CMakeTmp'
Building CXX object CMakeFiles/cmTC_0006d.dir/src.cxx.o
/usr/bin/c++ -DCOMPILER_SUPPORT_Wcpp11extensions  -std=c++03 -pedantic -Wall -Wextra -Wundef -Wcast-align -Wchar-subscripts -Wnon-virtual-dtor -Wunused-local-typedefs -Wpointer-arith -Wwrite-strings -Wformat-security -Wlogical-op -Wenum-conversion -Werror   -Wc++11-extensions -o CMakeFiles/cmTC_0006d.dir/src.cxx.o -c /home/jinwz/FoundationPoseROS2/FoundationPoseROS2/FoundationPose/eigen-3.4.0/build/CMakeFiles/CMakeTmp/src.cxx
c++: error: unrecognized command-line option '-Wc++11-extensions'; did you mean '-fms-extensions'?
gmake[1]: *** [CMakeFiles/cmTC_0006d.dir/build.make:78: CMakeFiles/cmTC_0006d.dir/src.cxx.o] Error 1
gmake[1]: Leaving directory '/home/jinwz/FoundationPoseROS2/FoundationPoseROS2/FoundationPose/eigen-3.4.0/build/CMakeFiles/CMakeTmp'
gmake: *** [Makefile:127: cmTC_0006d/fast] Error 2


Source file was:
int main() { return 0; }
Performing C++ SOURCE FILE Test COMPILER_SUPPORT_wd981 failed with the following output:
Change Dir: /home/jinwz/FoundationPoseROS2/FoundationPoseROS2/FoundationPose/eigen-3.4.0/build/CMakeFiles/CMakeTmp

Run Build Command(s):/usr/bin/gmake -f Makefile cmTC_7bd7d/fast && /usr/bin/gmake  -f CMakeFiles/cmTC_7bd7d.dir/build.make CMakeFiles/cmTC_7bd7d.dir/build
gmake[1]: Entering directory '/home/jinwz/FoundationPoseROS2/FoundationPoseROS2/FoundationPose/eigen-3.4.0/build/CMakeFiles/CMakeTmp'
Building CXX object CMakeFiles/cmTC_7bd7d.dir/src.cxx.o
/usr/bin/c++ -DCOMPILER_SUPPORT_wd981  -std=c++03 -pedantic -Wall -Wextra -Wundef -Wcast-align -Wchar-subscripts -Wnon-virtual-dtor -Wunused-local-typedefs -Wpointer-arith -Wwrite-strings -Wformat-security -Wlogical-op -Wenum-conversion -Wdouble-promotion -Wshadow -Wno-psabi -Wno-variadic-macros -Wno-long-long -fno-check-new -fno-common -fstrict-aliasing -Werror   -wd981 -o CMakeFiles/cmTC_7bd7d.dir/src.cxx.o -c /home/jinwz/FoundationPoseROS2/FoundationPoseROS2/FoundationPose/eigen-3.4.0/build/CMakeFiles/CMakeTmp/src.cxx
c++: error: unrecognized command-line option '-wd981'
gmake[1]: *** [CMakeFiles/cmTC_7bd7d.dir/build.make:78: CMakeFiles/cmTC_7bd7d.dir/src.cxx.o] Error 1
gmake[1]: Leaving directory '/home/jinwz/FoundationPoseROS2/FoundationPoseROS2/FoundationPose/eigen-3.4.0/build/CMakeFiles/CMakeTmp'
gmake: *** [Makefile:127: cmTC_7bd7d/fast] Error 2


Source file was:
int main() { return 0; }
Performing C++ SOURCE FILE Test COMPILER_SUPPORT_wd2304 failed with the following output:
Change Dir: /home/jinwz/FoundationPoseROS2/FoundationPoseROS2/FoundationPose/eigen-3.4.0/build/CMakeFiles/CMakeTmp

Run Build Command(s):/usr/bin/gmake -f Makefile cmTC_42612/fast && /usr/bin/gmake  -f CMakeFiles/cmTC_42612.dir/build.make CMakeFiles/cmTC_42612.dir/build
gmake[1]: Entering directory '/home/jinwz/FoundationPoseROS2/FoundationPoseROS2/FoundationPose/eigen-3.4.0/build/CMakeFiles/CMakeTmp'
Building CXX object CMakeFiles/cmTC_42612.dir/src.cxx.o
/usr/bin/c++ -DCOMPILER_SUPPORT_wd2304  -std=c++03 -pedantic -Wall -Wextra -Wundef -Wcast-align -Wchar-subscripts -Wnon-virtual-dtor -Wunused-local-typedefs -Wpointer-arith -Wwrite-strings -Wformat-security -Wlogical-op -Wenum-conversion -Wdouble-promotion -Wshadow -Wno-psabi -Wno-variadic-macros -Wno-long-long -fno-check-new -fno-common -fstrict-aliasing -Werror   -wd2304 -o CMakeFiles/cmTC_42612.dir/src.cxx.o -c /home/jinwz/FoundationPoseROS2/FoundationPoseROS2/FoundationPose/eigen-3.4.0/build/CMakeFiles/CMakeTmp/src.cxx
c++: error: unrecognized command-line option '-wd2304'
gmake[1]: *** [CMakeFiles/cmTC_42612.dir/build.make:78: CMakeFiles/cmTC_42612.dir/src.cxx.o] Error 1
gmake[1]: Leaving directory '/home/jinwz/FoundationPoseROS2/FoundationPoseROS2/FoundationPose/eigen-3.4.0/build/CMakeFiles/CMakeTmp'
gmake: *** [Makefile:127: cmTC_42612/fast] Error 2


Source file was:
int main() { return 0; }
Performing C++ SOURCE FILE Test COMPILER_SUPPORT_STRICTANSI failed with the following output:
Change Dir: /home/jinwz/FoundationPoseROS2/FoundationPoseROS2/FoundationPose/eigen-3.4.0/build/CMakeFiles/CMakeTmp

Run Build Command(s):/usr/bin/gmake -f Makefile cmTC_67e3e/fast && /usr/bin/gmake  -f CMakeFiles/cmTC_67e3e.dir/build.make CMakeFiles/cmTC_67e3e.dir/build
gmake[1]: Entering directory '/home/jinwz/FoundationPoseROS2/FoundationPoseROS2/FoundationPose/eigen-3.4.0/build/CMakeFiles/CMakeTmp'
Building CXX object CMakeFiles/cmTC_67e3e.dir/src.cxx.o
/usr/bin/c++ -DCOMPILER_SUPPORT_STRICTANSI  -std=c++03 -pedantic -Wall -Wextra -Wundef -Wcast-align -Wchar-subscripts -Wnon-virtual-dtor -Wunused-local-typedefs -Wpointer-arith -Wwrite-strings -Wformat-security -Wlogical-op -Wenum-conversion -Wdouble-promotion -Wshadow -Wno-psabi -Wno-variadic-macros -Wno-long-long -fno-check-new -fno-common -fstrict-aliasing -Werror   -strict-ansi -o CMakeFiles/cmTC_67e3e.dir/src.cxx.o -c /home/jinwz/FoundationPoseROS2/FoundationPoseROS2/FoundationPose/eigen-3.4.0/build/CMakeFiles/CMakeTmp/src.cxx
c++: error: unrecognized command-line option '-strict-ansi'; did you mean '-fstrict-enums'?
gmake[1]: *** [CMakeFiles/cmTC_67e3e.dir/build.make:78: CMakeFiles/cmTC_67e3e.dir/src.cxx.o] Error 1
gmake[1]: Leaving directory '/home/jinwz/FoundationPoseROS2/FoundationPoseROS2/FoundationPose/eigen-3.4.0/build/CMakeFiles/CMakeTmp'
gmake: *** [Makefile:127: cmTC_67e3e/fast] Error 2


Source file was:
int main() { return 0; }
Performing C++ SOURCE FILE Test COMPILER_SUPPORT_Qunusedarguments failed with the following output:
Change Dir: /home/jinwz/FoundationPoseROS2/FoundationPoseROS2/FoundationPose/eigen-3.4.0/build/CMakeFiles/CMakeTmp

Run Build Command(s):/usr/bin/gmake -f Makefile cmTC_72519/fast && /usr/bin/gmake  -f CMakeFiles/cmTC_72519.dir/build.make CMakeFiles/cmTC_72519.dir/build
gmake[1]: Entering directory '/home/jinwz/FoundationPoseROS2/FoundationPoseROS2/FoundationPose/eigen-3.4.0/build/CMakeFiles/CMakeTmp'
Building CXX object CMakeFiles/cmTC_72519.dir/src.cxx.o
/usr/bin/c++ -DCOMPILER_SUPPORT_Qunusedarguments  -std=c++03 -pedantic -Wall -Wextra -Wundef -Wcast-align -Wchar-subscripts -Wnon-virtual-dtor -Wunused-local-typedefs -Wpointer-arith -Wwrite-strings -Wformat-security -Wlogical-op -Wenum-conversion -Wdouble-promotion -Wshadow -Wno-psabi -Wno-variadic-macros -Wno-long-long -fno-check-new -fno-common -fstrict-aliasing -Werror   -Qunused-arguments -o CMakeFiles/cmTC_72519.dir/src.cxx.o -c /home/jinwz/FoundationPoseROS2/FoundationPoseROS2/FoundationPose/eigen-3.4.0/build/CMakeFiles/CMakeTmp/src.cxx
c++: error: unrecognized command-line option '-Qunused-arguments'
gmake[1]: *** [CMakeFiles/cmTC_72519.dir/build.make:78: CMakeFiles/cmTC_72519.dir/src.cxx.o] Error 1
gmake[1]: Leaving directory '/home/jinwz/FoundationPoseROS2/FoundationPoseROS2/FoundationPose/eigen-3.4.0/build/CMakeFiles/CMakeTmp'
gmake: *** [Makefile:127: cmTC_72519/fast] Error 2


Source file was:
int main() { return 0; }
Performing C SOURCE FILE Test SCOTCH_Num_4 failed with the following compile output:
Change Dir: /home/jinwz/FoundationPoseROS2/FoundationPoseROS2/FoundationPose/eigen-3.4.0/build/CMakeFiles/CMakeTmp

Run Build Command(s):/usr/bin/gmake -f Makefile cmTC_44ca0/fast && /usr/bin/gmake  -f CMakeFiles/cmTC_44ca0.dir/build.make CMakeFiles/cmTC_44ca0.dir/build
gmake[1]: 进入目录“/home/jinwz/FoundationPoseROS2/FoundationPoseROS2/FoundationPose/eigen-3.4.0/build/CMakeFiles/CMakeTmp”
Building C object CMakeFiles/cmTC_44ca0.dir/src.c.o
/usr/bin/cc -DSCOTCH_Num_4  -fopenmp -o CMakeFiles/cmTC_44ca0.dir/src.c.o -c /home/jinwz/FoundationPoseROS2/FoundationPoseROS2/FoundationPose/eigen-3.4.0/build/CMakeFiles/CMakeTmp/src.c
/home/jinwz/FoundationPoseROS2/FoundationPoseROS2/FoundationPose/eigen-3.4.0/build/CMakeFiles/CMakeTmp/src.c:4:10: fatal error: scotch.h: 没有那个文件或目录
    4 | #include <scotch.h>
      |          ^~~~~~~~~~
compilation terminated.
gmake[1]: *** [CMakeFiles/cmTC_44ca0.dir/build.make:78：CMakeFiles/cmTC_44ca0.dir/src.c.o] 错误 1
gmake[1]: 离开目录“/home/jinwz/FoundationPoseROS2/FoundationPoseROS2/FoundationPose/eigen-3.4.0/build/CMakeFiles/CMakeTmp”
gmake: *** [Makefile:127：cmTC_44ca0/fast] 错误 2


...and run output:

Return value: 1
Source file was:

#include <stdio.h>
#include <stdint.h>
#include <scotch.h>
int main(int argc, char **argv) {
  if (sizeof(SCOTCH_Num) == 4)
    return 0;
  else
    return 1;
}

Performing C SOURCE FILE Test SCOTCH_Num_8 failed with the following compile output:
Change Dir: /home/jinwz/FoundationPoseROS2/FoundationPoseROS2/FoundationPose/eigen-3.4.0/build/CMakeFiles/CMakeTmp

Run Build Command(s):/usr/bin/gmake -f Makefile cmTC_09a35/fast && /usr/bin/gmake  -f CMakeFiles/cmTC_09a35.dir/build.make CMakeFiles/cmTC_09a35.dir/build
gmake[1]: 进入目录“/home/jinwz/FoundationPoseROS2/FoundationPoseROS2/FoundationPose/eigen-3.4.0/build/CMakeFiles/CMakeTmp”
Building C object CMakeFiles/cmTC_09a35.dir/src.c.o
/usr/bin/cc -DSCOTCH_Num_8  -fopenmp -o CMakeFiles/cmTC_09a35.dir/src.c.o -c /home/jinwz/FoundationPoseROS2/FoundationPoseROS2/FoundationPose/eigen-3.4.0/build/CMakeFiles/CMakeTmp/src.c
/home/jinwz/FoundationPoseROS2/FoundationPoseROS2/FoundationPose/eigen-3.4.0/build/CMakeFiles/CMakeTmp/src.c:4:10: fatal error: scotch.h: 没有那个文件或目录
    4 | #include <scotch.h>
      |          ^~~~~~~~~~
compilation terminated.
gmake[1]: *** [CMakeFiles/cmTC_09a35.dir/build.make:78：CMakeFiles/cmTC_09a35.dir/src.c.o] 错误 1
gmake[1]: 离开目录“/home/jinwz/FoundationPoseROS2/FoundationPoseROS2/FoundationPose/eigen-3.4.0/build/CMakeFiles/CMakeTmp”
gmake: *** [Makefile:127：cmTC_09a35/fast] 错误 2


...and run output:

Return value: 1
Source file was:

#include <stdio.h>
#include <stdint.h>
#include <scotch.h>
int main(int argc, char **argv) {
  if (sizeof(SCOTCH_Num) == 8)
    return 0;
  else
    return 1;
}

